Status: SUCCESS\
Description: "assertion failed: C.x == 0"

VERIFICATION:- SUCCESSFUL
