assertion\
- Status: SUCCESS\
- Description: "|result| old(*ptr + 1) == *ptr"\

assertion\
- Status: SUCCESS\
- Description: "|result| old(*ptr + 1) == *ptr"\

VERIFICATION:- SUCCESSFUL
