FAILURE\
unwinding assertion loop 2
VERIFICATION:- FAILED
