 ** 1 of 11 failed (1 unreachable)\
Failed Checks: Undefined Behavior: Invalid value of type `char`

Verification failed for - check_invalid_write
Complete - 1 successfully verified harnesses, 1 failures, 2 total.
