Checking harness check_option...

** 6 of 6 cover properties satisfied

Complete - 1 successfully verified harnesses, 0 failures, 1 total.