 ** 1 of
Failed Checks: Check that *dst is assignable
