main.assertion\
- Status: FAILURE\
- Description: ""contract doesn't guarantee equality""
