Status: SUCCESS\
Description: "assertion failed: result == &output"

VERIFICATION:- SUCCESSFUL
