assertion\
- Status: SUCCESS\
- Description: "|_| x[0..3].iter().map(|v| *v == 0).fold(true,|a,b|a&b)"\

VERIFICATION:- SUCCESSFUL
