error: more than 3 bools in function parameters
  --> $DIR/fn_params_excessive_bools.rs:18:1
   |
LL | fn g(_: bool, _: bool, _: bool, _: bool) {}
   | ^^^^^^^^^^^^^^^^^^^^^^^^^^^^^^^^^^^^^^^^^^^
   |
   = note: `-D clippy::fn-params-excessive-bools` implied by `-D warnings`
   = help: consider refactoring bools into two-variant enums

error: more than 3 bools in function parameters
  --> $DIR/fn_params_excessive_bools.rs:21:1
   |
LL | fn t(_: S, _: S, _: Box<S>, _: Vec<u32>, _: bool, _: bool, _: bool, _: bool) {}
   | ^^^^^^^^^^^^^^^^^^^^^^^^^^^^^^^^^^^^^^^^^^^^^^^^^^^^^^^^^^^^^^^^^^^^^^^^^^^^^^^
   |
   = help: consider refactoring bools into two-variant enums

error: more than 3 bools in function parameters
  --> $DIR/fn_params_excessive_bools.rs:25:5
   |
LL |     fn f(_: bool, _: bool, _: bool, _: bool);
   |     ^^^^^^^^^^^^^^^^^^^^^^^^^^^^^^^^^^^^^^^^^
   |
   = help: consider refactoring bools into two-variant enums

error: more than 3 bools in function parameters
  --> $DIR/fn_params_excessive_bools.rs:30:5
   |
LL |     fn f(&self, _: bool, _: bool, _: bool, _: bool) {}
   |     ^^^^^^^^^^^^^^^^^^^^^^^^^^^^^^^^^^^^^^^^^^^^^^^^^^
   |
   = help: consider refactoring bools into two-variant enums

error: more than 3 bools in function parameters
  --> $DIR/fn_params_excessive_bools.rs:42:5
   |
LL | /     fn n(_: bool, _: u32, _: bool, _: Box<u32>, _: bool, _: bool) {
LL | |         fn nn(_: bool, _: bool, _: bool, _: bool) {}
LL | |     }
   | |_____^
   |
   = help: consider refactoring bools into two-variant enums

error: more than 3 bools in function parameters
  --> $DIR/fn_params_excessive_bools.rs:43:9
   |
LL |         fn nn(_: bool, _: bool, _: bool, _: bool) {}
   |         ^^^^^^^^^^^^^^^^^^^^^^^^^^^^^^^^^^^^^^^^^^^^
   |
   = help: consider refactoring bools into two-variant enums

error: aborting due to 6 previous errors

