Failed Checks: assertion failed: (i >= 2) && (i <= 100) && (__kani_prev_var_

VERIFICATION:- FAILED
