error: failed to resolve `crate::mod_a::method_a::invalid`: expected module, found function `mod_a::method_a`\
invalid_mod.rs:\
|\
|     #[cfg_attr(kani, kani::stub(crate::mod_a::method_a::invalid, noop))]\
